<html>
<body>
<pre>
<h1>µVision Build Log</h1>
<h2>Tool Versions:</h2>
IDE-Version: µVision V5.37.0.0
Copyright (C) 2022 ARM Ltd and ARM Germany GmbH. All rights reserved.
License Information: 77 77, 7, LIC=GMZI6-D5M1V-FWT2N-YAVCQ-BYKSS-Y3VYT
 
Tool Versions:
Toolchain:       MDK-ARM Plus  Version: 5.37.0.0
Toolchain Path:  C:\Keil_v5\ARM\ARMCLANG\Bin
C Compiler:      ArmClang.exe V6.18
Assembler:       Armasm.exe V6.18
Linker/Locator:  ArmLink.exe V6.18
Library Manager: ArmAr.exe V6.18
Hex Converter:   FromElf.exe V6.18
CPU DLL:         SARMCM3.DLL V5.37.0.0
Dialog DLL:      DCM.DLL V1.17.5.0
Target DLL:      STLink\ST-LINKIII-KEIL_SWO.dll V3.0.9.0
Dialog DLL:      TCM.DLL V1.56.1.0
 
<h2>Project:</h2>
C:\KeilLabs\BDZ_ekg\BDZ_ekg.uvprojx
Project File Date:  06/09/2023

<h2>Output:</h2>
*** Using Compiler 'V6.18', folder: 'C:\Keil_v5\ARM\ARMCLANG\Bin'
Build target 'Target 1'
compiling main.c...
linking...
Program Size: Code=12980 RO-data=600 RW-data=12 ZI-data=2008  
".\Objects\BDZ_ekg.axf" - 0 Error(s), 0 Warning(s).

<h2>Software Packages used:</h2>

Package Vendor: ARM
                http://www.keil.com/pack/ARM.CMSIS.5.9.0.pack
                ARM.CMSIS.5.9.0
                CMSIS (Common Microcontroller Software Interface Standard)
   * Component: CORE Version: 5.6.0

Package Vendor: Keil
                http://www.keil.com/pack/Keil.STM32F4xx_DFP.2.16.0.pack
                Keil.STM32F4xx_DFP.2.16.0
                STMicroelectronics STM32F4 Series Device Support, Drivers and Examples
   * Component: STM32Cube Framework Version: 1.0.0
   * Component: Classic Version: 1.7.13
   * Component: ADC Version: 1.7.13
   * Component: Common Version: 1.7.13
   * Component: Cortex Version: 1.7.13
   * Component: DAC Version: 1.7.13
   * Component: DMA Version: 1.7.13
   * Component: GPIO Version: 1.7.13
   * Component: PWR Version: 1.7.13
   * Component: RCC Version: 1.7.13
   * Component: SPI Version: 1.7.13
   * Component: TIM Version: 1.7.13
   * Component: Startup Version: 2.6.3

<h2>Collection of Component include folders:</h2>
  ./RTE/Device/STM32F407VGTx
  ./RTE/_Target_1
  C:/Users/svetl/AppData/Local/Arm/Packs/ARM/CMSIS/5.9.0/CMSIS/Core/Include
  C:/Users/svetl/AppData/Local/Arm/Packs/Keil/STM32F4xx_DFP/2.16.0/Drivers/CMSIS/Device/ST/STM32F4xx/Include
  C:/Users/svetl/AppData/Local/Arm/Packs/Keil/STM32F4xx_DFP/2.16.0/Drivers/STM32F4xx_HAL_Driver/Inc

<h2>Collection of Component Files used:</h2>

   * Component: ::Device:STM32Cube Framework:1.0.0 (API)

   * Component: ARM::CMSIS:CORE:5.6.0

   * Component: Keil::Device:STM32Cube Framework:Classic:1.7.13
      Source file:   MDK/Templates/Src/stm32f4xx_hal_msp.c
      Source file:   MDK/Templates/Src/stm32f4xx_it.c
      Include file:  MDK/Templates/Inc/main.h
      Source file:   MDK/Templates/Src/main.c
      Source file:   MDK/Templates_LL/Src/main.c
      Include file:  MDK/Templates/Inc/stm32f4xx_it.h
      Include file:  MDK/Templates_LL/Inc/main.h
      Include file:  CMSIS/Driver/Config/RTE_Device.h
      Include file:  MDK/Templates/Inc/stm32f4xx_hal_conf.h

   * Component: Keil::Device:STM32Cube HAL:ADC:1.7.13
      Source file:   Drivers/STM32F4xx_HAL_Driver/Src/stm32f4xx_hal_adc_ex.c
      Source file:   Drivers/STM32F4xx_HAL_Driver/Src/stm32f4xx_hal_adc.c

   * Component: Keil::Device:STM32Cube HAL:Common:1.7.13
      Include file:  Drivers/STM32F4xx_HAL_Driver/Inc/stm32f4xx_hal.h
      Source file:   Drivers/STM32F4xx_HAL_Driver/Src/stm32f4xx_hal.c

   * Component: Keil::Device:STM32Cube HAL:Cortex:1.7.13
      Source file:   Drivers/STM32F4xx_HAL_Driver/Src/stm32f4xx_hal_cortex.c

   * Component: Keil::Device:STM32Cube HAL:DAC:1.7.13
      Source file:   Drivers/STM32F4xx_HAL_Driver/Src/stm32f4xx_hal_dac.c
      Source file:   Drivers/STM32F4xx_HAL_Driver/Src/stm32f4xx_hal_dac_ex.c

   * Component: Keil::Device:STM32Cube HAL:DMA:1.7.13
      Source file:   Drivers/STM32F4xx_HAL_Driver/Src/stm32f4xx_hal_dma.c
      Source file:   Drivers/STM32F4xx_HAL_Driver/Src/stm32f4xx_hal_dma_ex.c

   * Component: Keil::Device:STM32Cube HAL:GPIO:1.7.13
      Source file:   Drivers/STM32F4xx_HAL_Driver/Src/stm32f4xx_hal_gpio.c

   * Component: Keil::Device:STM32Cube HAL:PWR:1.7.13
      Source file:   Drivers/STM32F4xx_HAL_Driver/Src/stm32f4xx_hal_pwr.c
      Source file:   Drivers/STM32F4xx_HAL_Driver/Src/stm32f4xx_hal_pwr_ex.c

   * Component: Keil::Device:STM32Cube HAL:RCC:1.7.13
      Source file:   Drivers/STM32F4xx_HAL_Driver/Src/stm32f4xx_hal_rcc_ex.c
      Source file:   Drivers/STM32F4xx_HAL_Driver/Src/stm32f4xx_hal_rcc.c

   * Component: Keil::Device:STM32Cube HAL:SPI:1.7.13
      Source file:   Drivers/STM32F4xx_HAL_Driver/Src/stm32f4xx_hal_spi.c

   * Component: Keil::Device:STM32Cube HAL:TIM:1.7.13
      Source file:   Drivers/STM32F4xx_HAL_Driver/Src/stm32f4xx_hal_tim.c
      Source file:   Drivers/STM32F4xx_HAL_Driver/Src/stm32f4xx_hal_tim_ex.c

   * Component: Keil::Device:Startup:2.6.3
      Source file:   Drivers/CMSIS/Device/ST/STM32F4xx/Source/Templates/system_stm32f4xx.c
      Source file:   Drivers/CMSIS/Device/ST/STM32F4xx/Source/Templates/arm/startup_stm32f407xx.s
      Source file:   MDK/Device/Source/ARM/STM32F4xx_OTP.s
      Source file:   MDK/Device/Source/ARM/STM32F40xxx_41xxx_OPT.s
      Include file:  Drivers/CMSIS/Device/ST/STM32F4xx/Include/stm32f4xx.h
Build Time Elapsed:  00:00:01
</pre>
</body>
</html>
